Archive member included to satisfy reference by file (symbol)

c:/programs/atmel/studio/7.0/toolchain/avr8/avr8-gnu-toolchain/bin/../lib/gcc/avr/5.4.0/avr5\libgcc.a(_udivmodsi4.o)
                              src/serial/serial.o (__udivmodsi4)
c:/programs/atmel/studio/7.0/toolchain/avr8/avr8-gnu-toolchain/bin/../lib/gcc/avr/5.4.0/avr5\libgcc.a(_exit.o)
                              C:/programs/Atmel/Studio/7.0/Packs/atmel/ATmega_DFP/1.2.150/gcc/dev/atmega324pa/avr5/crtatmega324pa.o (exit)
c:/programs/atmel/studio/7.0/toolchain/avr8/avr8-gnu-toolchain/bin/../lib/gcc/avr/5.4.0/avr5\libgcc.a(_tablejump2.o)
                              src/FreeRTOS/Source/timers.o (__tablejump2__)
c:/programs/atmel/studio/7.0/toolchain/avr8/avr8-gnu-toolchain/bin/../lib/gcc/avr/5.4.0/avr5\libgcc.a(_copy_data.o)
                              main.o (__do_copy_data)
c:/programs/atmel/studio/7.0/toolchain/avr8/avr8-gnu-toolchain/bin/../lib/gcc/avr/5.4.0/avr5\libgcc.a(_clear_bss.o)
                              main.o (__do_clear_bss)
c:/programs/atmel/studio/7.0/toolchain/avr8/avr8-gnu-toolchain/bin/../lib/gcc/avr/5.4.0/../../../../avr/lib/avr5\libc.a(malloc.o)
                              src/serial/serial.o (malloc)
c:/programs/atmel/studio/7.0/toolchain/avr8/avr8-gnu-toolchain/bin/../lib/gcc/avr/5.4.0/../../../../avr/lib/avr5\libc.a(memcpy.o)
                              src/FreeRTOS/Source/queue.o (memcpy)
c:/programs/atmel/studio/7.0/toolchain/avr8/avr8-gnu-toolchain/bin/../lib/gcc/avr/5.4.0/../../../../avr/lib/avr5\libc.a(memset.o)
                              src/FreeRTOS/Source/tasks.o (memset)

Allocating common symbols
Common symbol       size              file

xTimerSemaphoreJoystick
                    0x2               main.o
xTimerSemaphoreDrawBullets
                    0x2               main.o
xTimerSemaphoreDrawShips
                    0x2               main.o
xTimerSemaphoreMoveShip
                    0x2               main.o
__brkval            0x2               c:/programs/atmel/studio/7.0/toolchain/avr8/avr8-gnu-toolchain/bin/../lib/gcc/avr/5.4.0/../../../../avr/lib/avr5\libc.a(malloc.o)
pc_ship_queue       0x2               main.o
results             0x2               main.o
xTimerControllersAndDraw
                    0x2               main.o
xTimerSemaphoreCollisions
                    0x2               main.o
seq_num             0x1               main.o
xTimerCollisions    0x2               main.o
xTimerSemaphorePCConn
                    0x2               main.o
xFramebufMutex      0x2               main.o
__flp               0x2               c:/programs/atmel/studio/7.0/toolchain/avr8/avr8-gnu-toolchain/bin/../lib/gcc/avr/5.4.0/../../../../avr/lib/avr5\libc.a(malloc.o)
xTimerSemaphoreBullets
                    0x2               main.o

Discarded input sections

 .data          0x00000000        0x0 C:/programs/Atmel/Studio/7.0/Packs/atmel/ATmega_DFP/1.2.150/gcc/dev/atmega324pa/avr5/crtatmega324pa.o
 .bss           0x00000000        0x0 C:/programs/Atmel/Studio/7.0/Packs/atmel/ATmega_DFP/1.2.150/gcc/dev/atmega324pa/avr5/crtatmega324pa.o
 .text          0x00000000        0x0 main.o
 .data          0x00000000        0x0 main.o
 .bss           0x00000000        0x0 main.o
 .text          0x00000000        0x0 point.o
 .data          0x00000000        0x0 point.o
 .bss           0x00000000        0x0 point.o
 .text.point_setCoordinates
                0x00000000        0x8 point.o
 .text          0x00000000        0x0 RTOS_utils.o
 .data          0x00000000        0x0 RTOS_utils.o
 .bss           0x00000000        0x0 RTOS_utils.o
 .text.button_func
                0x00000000        0x6 RTOS_utils.o
 .text.key_received
                0x00000000       0x34 RTOS_utils.o
 .text          0x00000000        0x0 src/board/board.o
 .data          0x00000000        0x0 src/board/board.o
 .bss           0x00000000        0x0 src/board/board.o
 .text          0x00000000        0x0 src/buffer/buffer.o
 .data          0x00000000        0x0 src/buffer/buffer.o
 .bss           0x00000000        0x0 src/buffer/buffer.o
 .text.buffer_is_empty
                0x00000000        0xe src/buffer/buffer.o
 .text.buffer_no_of_items
                0x00000000        0x6 src/buffer/buffer.o
 .text.buffer_clear
                0x00000000        0xa src/buffer/buffer.o
 .text          0x00000000        0x0 src/FreeRTOS/Source/croutine.o
 .data          0x00000000        0x0 src/FreeRTOS/Source/croutine.o
 .bss           0x00000000        0x0 src/FreeRTOS/Source/croutine.o
 .text.xCoRoutineCreate
                0x00000000       0xf0 src/FreeRTOS/Source/croutine.o
 .text.vCoRoutineAddToDelayedList
                0x00000000       0x86 src/FreeRTOS/Source/croutine.o
 .text.vCoRoutineSchedule
                0x00000000      0x274 src/FreeRTOS/Source/croutine.o
 .text.xCoRoutineRemoveFromEventList
                0x00000000       0x4a src/FreeRTOS/Source/croutine.o
 .bss.xPassedTicks
                0x00000000        0x2 src/FreeRTOS/Source/croutine.o
 .bss.xLastTickCount
                0x00000000        0x2 src/FreeRTOS/Source/croutine.o
 .bss.xCoRoutineTickCount
                0x00000000        0x2 src/FreeRTOS/Source/croutine.o
 .bss.uxTopCoRoutineReadyPriority
                0x00000000        0x1 src/FreeRTOS/Source/croutine.o
 .bss.pxCurrentCoRoutine
                0x00000000        0x2 src/FreeRTOS/Source/croutine.o
 .bss.xPendingReadyCoRoutineList
                0x00000000        0x9 src/FreeRTOS/Source/croutine.o
 .bss.pxOverflowDelayedCoRoutineList
                0x00000000        0x2 src/FreeRTOS/Source/croutine.o
 .bss.pxDelayedCoRoutineList
                0x00000000        0x2 src/FreeRTOS/Source/croutine.o
 .bss.xDelayedCoRoutineList2
                0x00000000        0x9 src/FreeRTOS/Source/croutine.o
 .bss.xDelayedCoRoutineList1
                0x00000000        0x9 src/FreeRTOS/Source/croutine.o
 .bss.pxReadyCoRoutineLists
                0x00000000       0x12 src/FreeRTOS/Source/croutine.o
 .debug_info    0x00000000      0x77d src/FreeRTOS/Source/croutine.o
 .debug_abbrev  0x00000000      0x22b src/FreeRTOS/Source/croutine.o
 .debug_loc     0x00000000      0x3eb src/FreeRTOS/Source/croutine.o
 .debug_aranges
                0x00000000       0x38 src/FreeRTOS/Source/croutine.o
 .debug_ranges  0x00000000       0x28 src/FreeRTOS/Source/croutine.o
 .debug_line    0x00000000      0x35f src/FreeRTOS/Source/croutine.o
 .debug_str     0x00000000      0x547 src/FreeRTOS/Source/croutine.o
 .comment       0x00000000       0x31 src/FreeRTOS/Source/croutine.o
 .debug_frame   0x00000000       0xc0 src/FreeRTOS/Source/croutine.o
 .text          0x00000000        0x0 src/FreeRTOS/Source/event_groups.o
 .data          0x00000000        0x0 src/FreeRTOS/Source/event_groups.o
 .bss           0x00000000        0x0 src/FreeRTOS/Source/event_groups.o
 .text.xEventGroupCreate
                0x00000000       0x26 src/FreeRTOS/Source/event_groups.o
 .text.xEventGroupWaitBits
                0x00000000      0x110 src/FreeRTOS/Source/event_groups.o
 .text.xEventGroupClearBits
                0x00000000       0x1e src/FreeRTOS/Source/event_groups.o
 .text.xEventGroupGetBitsFromISR
                0x00000000        0x8 src/FreeRTOS/Source/event_groups.o
 .text.xEventGroupSetBits
                0x00000000       0xdc src/FreeRTOS/Source/event_groups.o
 .text.xEventGroupSync
                0x00000000       0xd2 src/FreeRTOS/Source/event_groups.o
 .text.vEventGroupDelete
                0x00000000       0x32 src/FreeRTOS/Source/event_groups.o
 .text.vEventGroupSetBitsCallback
                0x00000000        0x8 src/FreeRTOS/Source/event_groups.o
 .text.vEventGroupClearBitsCallback
                0x00000000        0x8 src/FreeRTOS/Source/event_groups.o
 .text.uxEventGroupGetNumber
                0x00000000        0xe src/FreeRTOS/Source/event_groups.o
 .debug_info    0x00000000      0x94b src/FreeRTOS/Source/event_groups.o
 .debug_abbrev  0x00000000      0x205 src/FreeRTOS/Source/event_groups.o
 .debug_loc     0x00000000      0xbea src/FreeRTOS/Source/event_groups.o
 .debug_aranges
                0x00000000       0x68 src/FreeRTOS/Source/event_groups.o
 .debug_ranges  0x00000000       0x70 src/FreeRTOS/Source/event_groups.o
 .debug_line    0x00000000      0x413 src/FreeRTOS/Source/event_groups.o
 .debug_str     0x00000000      0x5c8 src/FreeRTOS/Source/event_groups.o
 .comment       0x00000000       0x31 src/FreeRTOS/Source/event_groups.o
 .debug_frame   0x00000000      0x168 src/FreeRTOS/Source/event_groups.o
 .text          0x00000000        0x0 src/FreeRTOS/Source/list.o
 .data          0x00000000        0x0 src/FreeRTOS/Source/list.o
 .bss           0x00000000        0x0 src/FreeRTOS/Source/list.o
 .text          0x00000000        0x0 src/FreeRTOS/Source/portable/GCC/ATMega324/port.o
 .data          0x00000000        0x0 src/FreeRTOS/Source/portable/GCC/ATMega324/port.o
 .bss           0x00000000        0x0 src/FreeRTOS/Source/portable/GCC/ATMega324/port.o
 .text.vPortEndScheduler
                0x00000000        0x2 src/FreeRTOS/Source/portable/GCC/ATMega324/port.o
 .text          0x00000000        0x0 src/FreeRTOS/Source/portable/MemMang/heap_1.o
 .data          0x00000000        0x0 src/FreeRTOS/Source/portable/MemMang/heap_1.o
 .bss           0x00000000        0x0 src/FreeRTOS/Source/portable/MemMang/heap_1.o
 .text.vPortInitialiseBlocks
                0x00000000        0xa src/FreeRTOS/Source/portable/MemMang/heap_1.o
 .text.xPortGetFreeHeapSize
                0x00000000       0x12 src/FreeRTOS/Source/portable/MemMang/heap_1.o
 .text          0x00000000        0x0 src/serial/serial.o
 .data          0x00000000        0x0 src/serial/serial.o
 .bss           0x00000000        0x0 src/serial/serial.o
 .text.serial_send_byte
                0x00000000       0x32 src/serial/serial.o
 .text          0x00000000        0x0 utils.o
 .data          0x00000000        0x0 utils.o
 .bss           0x00000000        0x0 utils.o
 .text.getCRC   0x00000000       0x30 utils.o
 .text.byte_stuff
                0x00000000       0x46 utils.o
 .text.byte_unstuff
                0x00000000       0x3c utils.o
 .text.get_size_after_stuffing
                0x00000000       0x24 utils.o
 .text          0x00000000        0x0 src/FreeRTOS/Source/queue.o
 .data          0x00000000        0x0 src/FreeRTOS/Source/queue.o
 .bss           0x00000000        0x0 src/FreeRTOS/Source/queue.o
 .text.xQueueGiveFromISR
                0x00000000       0x78 src/FreeRTOS/Source/queue.o
 .text.xQueueReceiveFromISR
                0x00000000       0x6e src/FreeRTOS/Source/queue.o
 .text.xQueuePeekFromISR
                0x00000000       0x2e src/FreeRTOS/Source/queue.o
 .text.uxQueueMessagesWaiting
                0x00000000       0x10 src/FreeRTOS/Source/queue.o
 .text.uxQueueSpacesAvailable
                0x00000000       0x14 src/FreeRTOS/Source/queue.o
 .text.uxQueueMessagesWaitingFromISR
                0x00000000        0x6 src/FreeRTOS/Source/queue.o
 .text.vQueueDelete
                0x00000000        0x6 src/FreeRTOS/Source/queue.o
 .text.uxQueueGetQueueNumber
                0x00000000        0x6 src/FreeRTOS/Source/queue.o
 .text.vQueueSetQueueNumber
                0x00000000        0x6 src/FreeRTOS/Source/queue.o
 .text.ucQueueGetQueueType
                0x00000000        0x6 src/FreeRTOS/Source/queue.o
 .text.xQueueIsQueueEmptyFromISR
                0x00000000        0xc src/FreeRTOS/Source/queue.o
 .text.xQueueIsQueueFullFromISR
                0x00000000        0xe src/FreeRTOS/Source/queue.o
 .text.xQueueCRSend
                0x00000000       0x72 src/FreeRTOS/Source/queue.o
 .text.xQueueCRReceive
                0x00000000       0x92 src/FreeRTOS/Source/queue.o
 .text.xQueueCRSendFromISR
                0x00000000       0x48 src/FreeRTOS/Source/queue.o
 .text.xQueueCRReceiveFromISR
                0x00000000       0x82 src/FreeRTOS/Source/queue.o
 .text.xQueueCreateSet
                0x00000000        0xa src/FreeRTOS/Source/queue.o
 .text.xQueueAddToSet
                0x00000000       0x2a src/FreeRTOS/Source/queue.o
 .text.xQueueRemoveFromSet
                0x00000000       0x2c src/FreeRTOS/Source/queue.o
 .text.xQueueSelectFromSet
                0x00000000       0x2a src/FreeRTOS/Source/queue.o
 .text.xQueueSelectFromSetFromISR
                0x00000000       0x2a src/FreeRTOS/Source/queue.o
 .text          0x00000000        0x0 src/FreeRTOS/Source/tasks.o
 .data          0x00000000        0x0 src/FreeRTOS/Source/tasks.o
 .bss           0x00000000        0x0 src/FreeRTOS/Source/tasks.o
 .text.vTaskDelete
                0x00000000       0xaa src/FreeRTOS/Source/tasks.o
 .text.eTaskGetState
                0x00000000       0x78 src/FreeRTOS/Source/tasks.o
 .text.vTaskResume
                0x00000000       0x9e src/FreeRTOS/Source/tasks.o
 .text.xTaskResumeFromISR
                0x00000000       0xae src/FreeRTOS/Source/tasks.o
 .text.vTaskEndScheduler
                0x00000000        0xc src/FreeRTOS/Source/tasks.o
 .text.xTaskGetTickCountFromISR
                0x00000000        0xa src/FreeRTOS/Source/tasks.o
 .text.uxTaskGetNumberOfTasks
                0x00000000        0x6 src/FreeRTOS/Source/tasks.o
 .text.pcTaskGetName
                0x00000000       0x10 src/FreeRTOS/Source/tasks.o
 .text.vTaskDelayUntil
                0x00000000       0x7c src/FreeRTOS/Source/tasks.o
 .text.xTaskGetApplicationTaskTag
                0x00000000       0x1e src/FreeRTOS/Source/tasks.o
 .text.xTaskCallApplicationTaskHook
                0x00000000       0x24 src/FreeRTOS/Source/tasks.o
 .text.vTaskSuspend
                0x00000000       0x9c src/FreeRTOS/Source/tasks.o
 .text.vTaskPlaceOnUnorderedEventList
                0x00000000       0x32 src/FreeRTOS/Source/tasks.o
 .text.xTaskRemoveFromUnorderedEventList
                0x00000000       0x74 src/FreeRTOS/Source/tasks.o
 .text.uxTaskGetTaskNumber
                0x00000000        0xe src/FreeRTOS/Source/tasks.o
 .text.vTaskSetTaskNumber
                0x00000000        0xa src/FreeRTOS/Source/tasks.o
 .text.vTaskGetInfo
                0x00000000       0xda src/FreeRTOS/Source/tasks.o
 .text.prvListTasksWithinSingleList
                0x00000000       0xb2 src/FreeRTOS/Source/tasks.o
 .text.uxTaskGetSystemState
                0x00000000       0xe8 src/FreeRTOS/Source/tasks.o
 .text.xTaskGetCurrentTaskHandle
                0x00000000        0xa src/FreeRTOS/Source/tasks.o
 .text.uxTaskResetEventItemValue
                0x00000000       0x2e src/FreeRTOS/Source/tasks.o
 .text.ulTaskNotifyTake
                0x00000000       0xae src/FreeRTOS/Source/tasks.o
 .text.xTaskNotifyWait
                0x00000000      0x108 src/FreeRTOS/Source/tasks.o
 .text.xTaskGenericNotify
                0x00000000       0xfc src/FreeRTOS/Source/tasks.o
 .text.xTaskGenericNotifyFromISR
                0x00000000      0x122 src/FreeRTOS/Source/tasks.o
 .text.vTaskNotifyGiveFromISR
                0x00000000       0xb6 src/FreeRTOS/Source/tasks.o
 .text.xTaskNotifyStateClear
                0x00000000       0x28 src/FreeRTOS/Source/tasks.o
 .text          0x00000000        0x0 src/FreeRTOS/Source/timers.o
 .data          0x00000000        0x0 src/FreeRTOS/Source/timers.o
 .bss           0x00000000        0x0 src/FreeRTOS/Source/timers.o
 .text.xTimerGetTimerDaemonTaskHandle
                0x00000000        0xa src/FreeRTOS/Source/timers.o
 .text.xTimerGetPeriod
                0x00000000        0x8 src/FreeRTOS/Source/timers.o
 .text.xTimerGetExpiryTime
                0x00000000        0x8 src/FreeRTOS/Source/timers.o
 .text.pcTimerGetName
                0x00000000        0x8 src/FreeRTOS/Source/timers.o
 .text.xTimerIsTimerActive
                0x00000000       0x1a src/FreeRTOS/Source/timers.o
 .text.pvTimerGetTimerID
                0x00000000       0x12 src/FreeRTOS/Source/timers.o
 .text.vTimerSetTimerID
                0x00000000       0x12 src/FreeRTOS/Source/timers.o
 .text          0x00000000        0x0 c:/programs/atmel/studio/7.0/toolchain/avr8/avr8-gnu-toolchain/bin/../lib/gcc/avr/5.4.0/avr5\libgcc.a(_udivmodsi4.o)
 .data          0x00000000        0x0 c:/programs/atmel/studio/7.0/toolchain/avr8/avr8-gnu-toolchain/bin/../lib/gcc/avr/5.4.0/avr5\libgcc.a(_udivmodsi4.o)
 .bss           0x00000000        0x0 c:/programs/atmel/studio/7.0/toolchain/avr8/avr8-gnu-toolchain/bin/../lib/gcc/avr/5.4.0/avr5\libgcc.a(_udivmodsi4.o)
 .text.libgcc.mul
                0x00000000        0x0 c:/programs/atmel/studio/7.0/toolchain/avr8/avr8-gnu-toolchain/bin/../lib/gcc/avr/5.4.0/avr5\libgcc.a(_udivmodsi4.o)
 .text.libgcc   0x00000000        0x0 c:/programs/atmel/studio/7.0/toolchain/avr8/avr8-gnu-toolchain/bin/../lib/gcc/avr/5.4.0/avr5\libgcc.a(_udivmodsi4.o)
 .text.libgcc.prologue
                0x00000000        0x0 c:/programs/atmel/studio/7.0/toolchain/avr8/avr8-gnu-toolchain/bin/../lib/gcc/avr/5.4.0/avr5\libgcc.a(_udivmodsi4.o)
 .text.libgcc.builtins
                0x00000000        0x0 c:/programs/atmel/studio/7.0/toolchain/avr8/avr8-gnu-toolchain/bin/../lib/gcc/avr/5.4.0/avr5\libgcc.a(_udivmodsi4.o)
 .text.libgcc.fmul
                0x00000000        0x0 c:/programs/atmel/studio/7.0/toolchain/avr8/avr8-gnu-toolchain/bin/../lib/gcc/avr/5.4.0/avr5\libgcc.a(_udivmodsi4.o)
 .text.libgcc.fixed
                0x00000000        0x0 c:/programs/atmel/studio/7.0/toolchain/avr8/avr8-gnu-toolchain/bin/../lib/gcc/avr/5.4.0/avr5\libgcc.a(_udivmodsi4.o)
 .text          0x00000000        0x0 c:/programs/atmel/studio/7.0/toolchain/avr8/avr8-gnu-toolchain/bin/../lib/gcc/avr/5.4.0/avr5\libgcc.a(_exit.o)
 .data          0x00000000        0x0 c:/programs/atmel/studio/7.0/toolchain/avr8/avr8-gnu-toolchain/bin/../lib/gcc/avr/5.4.0/avr5\libgcc.a(_exit.o)
 .bss           0x00000000        0x0 c:/programs/atmel/studio/7.0/toolchain/avr8/avr8-gnu-toolchain/bin/../lib/gcc/avr/5.4.0/avr5\libgcc.a(_exit.o)
 .text.libgcc.mul
                0x00000000        0x0 c:/programs/atmel/studio/7.0/toolchain/avr8/avr8-gnu-toolchain/bin/../lib/gcc/avr/5.4.0/avr5\libgcc.a(_exit.o)
 .text.libgcc.div
                0x00000000        0x0 c:/programs/atmel/studio/7.0/toolchain/avr8/avr8-gnu-toolchain/bin/../lib/gcc/avr/5.4.0/avr5\libgcc.a(_exit.o)
 .text.libgcc   0x00000000        0x0 c:/programs/atmel/studio/7.0/toolchain/avr8/avr8-gnu-toolchain/bin/../lib/gcc/avr/5.4.0/avr5\libgcc.a(_exit.o)
 .text.libgcc.prologue
                0x00000000        0x0 c:/programs/atmel/studio/7.0/toolchain/avr8/avr8-gnu-toolchain/bin/../lib/gcc/avr/5.4.0/avr5\libgcc.a(_exit.o)
 .text.libgcc.builtins
                0x00000000        0x0 c:/programs/atmel/studio/7.0/toolchain/avr8/avr8-gnu-toolchain/bin/../lib/gcc/avr/5.4.0/avr5\libgcc.a(_exit.o)
 .text.libgcc.fmul
                0x00000000        0x0 c:/programs/atmel/studio/7.0/toolchain/avr8/avr8-gnu-toolchain/bin/../lib/gcc/avr/5.4.0/avr5\libgcc.a(_exit.o)
 .text.libgcc.fixed
                0x00000000        0x0 c:/programs/atmel/studio/7.0/toolchain/avr8/avr8-gnu-toolchain/bin/../lib/gcc/avr/5.4.0/avr5\libgcc.a(_exit.o)
 .text          0x00000000        0x0 c:/programs/atmel/studio/7.0/toolchain/avr8/avr8-gnu-toolchain/bin/../lib/gcc/avr/5.4.0/avr5\libgcc.a(_tablejump2.o)
 .data          0x00000000        0x0 c:/programs/atmel/studio/7.0/toolchain/avr8/avr8-gnu-toolchain/bin/../lib/gcc/avr/5.4.0/avr5\libgcc.a(_tablejump2.o)
 .bss           0x00000000        0x0 c:/programs/atmel/studio/7.0/toolchain/avr8/avr8-gnu-toolchain/bin/../lib/gcc/avr/5.4.0/avr5\libgcc.a(_tablejump2.o)
 .text.libgcc.mul
                0x00000000        0x0 c:/programs/atmel/studio/7.0/toolchain/avr8/avr8-gnu-toolchain/bin/../lib/gcc/avr/5.4.0/avr5\libgcc.a(_tablejump2.o)
 .text.libgcc.div
                0x00000000        0x0 c:/programs/atmel/studio/7.0/toolchain/avr8/avr8-gnu-toolchain/bin/../lib/gcc/avr/5.4.0/avr5\libgcc.a(_tablejump2.o)
 .text.libgcc.prologue
                0x00000000        0x0 c:/programs/atmel/studio/7.0/toolchain/avr8/avr8-gnu-toolchain/bin/../lib/gcc/avr/5.4.0/avr5\libgcc.a(_tablejump2.o)
 .text.libgcc.builtins
                0x00000000        0x0 c:/programs/atmel/studio/7.0/toolchain/avr8/avr8-gnu-toolchain/bin/../lib/gcc/avr/5.4.0/avr5\libgcc.a(_tablejump2.o)
 .text.libgcc.fmul
                0x00000000        0x0 c:/programs/atmel/studio/7.0/toolchain/avr8/avr8-gnu-toolchain/bin/../lib/gcc/avr/5.4.0/avr5\libgcc.a(_tablejump2.o)
 .text.libgcc.fixed
                0x00000000        0x0 c:/programs/atmel/studio/7.0/toolchain/avr8/avr8-gnu-toolchain/bin/../lib/gcc/avr/5.4.0/avr5\libgcc.a(_tablejump2.o)
 .text          0x00000000        0x0 c:/programs/atmel/studio/7.0/toolchain/avr8/avr8-gnu-toolchain/bin/../lib/gcc/avr/5.4.0/avr5\libgcc.a(_copy_data.o)
 .data          0x00000000        0x0 c:/programs/atmel/studio/7.0/toolchain/avr8/avr8-gnu-toolchain/bin/../lib/gcc/avr/5.4.0/avr5\libgcc.a(_copy_data.o)
 .bss           0x00000000        0x0 c:/programs/atmel/studio/7.0/toolchain/avr8/avr8-gnu-toolchain/bin/../lib/gcc/avr/5.4.0/avr5\libgcc.a(_copy_data.o)
 .text.libgcc.mul
                0x00000000        0x0 c:/programs/atmel/studio/7.0/toolchain/avr8/avr8-gnu-toolchain/bin/../lib/gcc/avr/5.4.0/avr5\libgcc.a(_copy_data.o)
 .text.libgcc.div
                0x00000000        0x0 c:/programs/atmel/studio/7.0/toolchain/avr8/avr8-gnu-toolchain/bin/../lib/gcc/avr/5.4.0/avr5\libgcc.a(_copy_data.o)
 .text.libgcc   0x00000000        0x0 c:/programs/atmel/studio/7.0/toolchain/avr8/avr8-gnu-toolchain/bin/../lib/gcc/avr/5.4.0/avr5\libgcc.a(_copy_data.o)
 .text.libgcc.prologue
                0x00000000        0x0 c:/programs/atmel/studio/7.0/toolchain/avr8/avr8-gnu-toolchain/bin/../lib/gcc/avr/5.4.0/avr5\libgcc.a(_copy_data.o)
 .text.libgcc.builtins
                0x00000000        0x0 c:/programs/atmel/studio/7.0/toolchain/avr8/avr8-gnu-toolchain/bin/../lib/gcc/avr/5.4.0/avr5\libgcc.a(_copy_data.o)
 .text.libgcc.fmul
                0x00000000        0x0 c:/programs/atmel/studio/7.0/toolchain/avr8/avr8-gnu-toolchain/bin/../lib/gcc/avr/5.4.0/avr5\libgcc.a(_copy_data.o)
 .text.libgcc.fixed
                0x00000000        0x0 c:/programs/atmel/studio/7.0/toolchain/avr8/avr8-gnu-toolchain/bin/../lib/gcc/avr/5.4.0/avr5\libgcc.a(_copy_data.o)
 .text          0x00000000        0x0 c:/programs/atmel/studio/7.0/toolchain/avr8/avr8-gnu-toolchain/bin/../lib/gcc/avr/5.4.0/avr5\libgcc.a(_clear_bss.o)
 .data          0x00000000        0x0 c:/programs/atmel/studio/7.0/toolchain/avr8/avr8-gnu-toolchain/bin/../lib/gcc/avr/5.4.0/avr5\libgcc.a(_clear_bss.o)
 .bss           0x00000000        0x0 c:/programs/atmel/studio/7.0/toolchain/avr8/avr8-gnu-toolchain/bin/../lib/gcc/avr/5.4.0/avr5\libgcc.a(_clear_bss.o)
 .text.libgcc.mul
                0x00000000        0x0 c:/programs/atmel/studio/7.0/toolchain/avr8/avr8-gnu-toolchain/bin/../lib/gcc/avr/5.4.0/avr5\libgcc.a(_clear_bss.o)
 .text.libgcc.div
                0x00000000        0x0 c:/programs/atmel/studio/7.0/toolchain/avr8/avr8-gnu-toolchain/bin/../lib/gcc/avr/5.4.0/avr5\libgcc.a(_clear_bss.o)
 .text.libgcc   0x00000000        0x0 c:/programs/atmel/studio/7.0/toolchain/avr8/avr8-gnu-toolchain/bin/../lib/gcc/avr/5.4.0/avr5\libgcc.a(_clear_bss.o)
 .text.libgcc.prologue
                0x00000000        0x0 c:/programs/atmel/studio/7.0/toolchain/avr8/avr8-gnu-toolchain/bin/../lib/gcc/avr/5.4.0/avr5\libgcc.a(_clear_bss.o)
 .text.libgcc.builtins
                0x00000000        0x0 c:/programs/atmel/studio/7.0/toolchain/avr8/avr8-gnu-toolchain/bin/../lib/gcc/avr/5.4.0/avr5\libgcc.a(_clear_bss.o)
 .text.libgcc.fmul
                0x00000000        0x0 c:/programs/atmel/studio/7.0/toolchain/avr8/avr8-gnu-toolchain/bin/../lib/gcc/avr/5.4.0/avr5\libgcc.a(_clear_bss.o)
 .text.libgcc.fixed
                0x00000000        0x0 c:/programs/atmel/studio/7.0/toolchain/avr8/avr8-gnu-toolchain/bin/../lib/gcc/avr/5.4.0/avr5\libgcc.a(_clear_bss.o)
 .text          0x00000000        0x0 c:/programs/atmel/studio/7.0/toolchain/avr8/avr8-gnu-toolchain/bin/../lib/gcc/avr/5.4.0/../../../../avr/lib/avr5\libc.a(malloc.o)
 .bss           0x00000000        0x0 c:/programs/atmel/studio/7.0/toolchain/avr8/avr8-gnu-toolchain/bin/../lib/gcc/avr/5.4.0/../../../../avr/lib/avr5\libc.a(malloc.o)
 .text          0x00000000        0x0 c:/programs/atmel/studio/7.0/toolchain/avr8/avr8-gnu-toolchain/bin/../lib/gcc/avr/5.4.0/../../../../avr/lib/avr5\libc.a(memcpy.o)
 .data          0x00000000        0x0 c:/programs/atmel/studio/7.0/toolchain/avr8/avr8-gnu-toolchain/bin/../lib/gcc/avr/5.4.0/../../../../avr/lib/avr5\libc.a(memcpy.o)
 .bss           0x00000000        0x0 c:/programs/atmel/studio/7.0/toolchain/avr8/avr8-gnu-toolchain/bin/../lib/gcc/avr/5.4.0/../../../../avr/lib/avr5\libc.a(memcpy.o)
 .text          0x00000000        0x0 c:/programs/atmel/studio/7.0/toolchain/avr8/avr8-gnu-toolchain/bin/../lib/gcc/avr/5.4.0/../../../../avr/lib/avr5\libc.a(memset.o)
 .data          0x00000000        0x0 c:/programs/atmel/studio/7.0/toolchain/avr8/avr8-gnu-toolchain/bin/../lib/gcc/avr/5.4.0/../../../../avr/lib/avr5\libc.a(memset.o)
 .bss           0x00000000        0x0 c:/programs/atmel/studio/7.0/toolchain/avr8/avr8-gnu-toolchain/bin/../lib/gcc/avr/5.4.0/../../../../avr/lib/avr5\libc.a(memset.o)

Memory Configuration

Name             Origin             Length             Attributes
text             0x00000000         0x00020000         xr
data             0x00800060         0x0000ffa0         rw !x
eeprom           0x00810000         0x00010000         rw !x
fuse             0x00820000         0x00000003         rw !x
lock             0x00830000         0x00000400         rw !x
signature        0x00840000         0x00000400         rw !x
user_signatures  0x00850000         0x00000400         rw !x
*default*        0x00000000         0xffffffff

Linker script and memory map

Address of section .data set to 0x800100
LOAD C:/programs/Atmel/Studio/7.0/Packs/atmel/ATmega_DFP/1.2.150/gcc/dev/atmega324pa/avr5/crtatmega324pa.o
LOAD main.o
LOAD point.o
LOAD RTOS_utils.o
LOAD src/board/board.o
LOAD src/buffer/buffer.o
LOAD src/FreeRTOS/Source/croutine.o
LOAD src/FreeRTOS/Source/event_groups.o
LOAD src/FreeRTOS/Source/list.o
LOAD src/FreeRTOS/Source/portable/GCC/ATMega324/port.o
LOAD src/FreeRTOS/Source/portable/MemMang/heap_1.o
LOAD src/serial/serial.o
LOAD utils.o
LOAD src/FreeRTOS/Source/queue.o
LOAD src/FreeRTOS/Source/tasks.o
LOAD src/FreeRTOS/Source/timers.o
START GROUP
LOAD c:/programs/atmel/studio/7.0/toolchain/avr8/avr8-gnu-toolchain/bin/../lib/gcc/avr/5.4.0/../../../../avr/lib/avr5\libm.a
END GROUP
START GROUP
LOAD c:/programs/atmel/studio/7.0/toolchain/avr8/avr8-gnu-toolchain/bin/../lib/gcc/avr/5.4.0/avr5\libgcc.a
LOAD c:/programs/atmel/studio/7.0/toolchain/avr8/avr8-gnu-toolchain/bin/../lib/gcc/avr/5.4.0/../../../../avr/lib/avr5\libm.a
LOAD c:/programs/atmel/studio/7.0/toolchain/avr8/avr8-gnu-toolchain/bin/../lib/gcc/avr/5.4.0/../../../../avr/lib/avr5\libc.a
LOAD C:/programs/Atmel/Studio/7.0/Packs/atmel/ATmega_DFP/1.2.150/gcc/dev/atmega324pa/avr5\libatmega324pa.a
END GROUP
                0x00020000                __TEXT_REGION_LENGTH__ = DEFINED (__TEXT_REGION_LENGTH__)?__TEXT_REGION_LENGTH__:0x20000
                0x0000ffa0                __DATA_REGION_LENGTH__ = DEFINED (__DATA_REGION_LENGTH__)?__DATA_REGION_LENGTH__:0xffa0
                0x00010000                __EEPROM_REGION_LENGTH__ = DEFINED (__EEPROM_REGION_LENGTH__)?__EEPROM_REGION_LENGTH__:0x10000
                [0x00000003]                __FUSE_REGION_LENGTH__ = DEFINED (__FUSE_REGION_LENGTH__)?__FUSE_REGION_LENGTH__:0x400
                0x00000400                __LOCK_REGION_LENGTH__ = DEFINED (__LOCK_REGION_LENGTH__)?__LOCK_REGION_LENGTH__:0x400
                0x00000400                __SIGNATURE_REGION_LENGTH__ = DEFINED (__SIGNATURE_REGION_LENGTH__)?__SIGNATURE_REGION_LENGTH__:0x400
                0x00000400                __USER_SIGNATURE_REGION_LENGTH__ = DEFINED (__USER_SIGNATURE_REGION_LENGTH__)?__USER_SIGNATURE_REGION_LENGTH__:0x400

.hash
 *(.hash)

.dynsym
 *(.dynsym)

.dynstr
 *(.dynstr)

.gnu.version
 *(.gnu.version)

.gnu.version_d
 *(.gnu.version_d)

.gnu.version_r
 *(.gnu.version_r)

.rel.init
 *(.rel.init)

.rela.init
 *(.rela.init)

.rel.text
 *(.rel.text)
 *(.rel.text.*)
 *(.rel.gnu.linkonce.t*)

.rela.text
 *(.rela.text)
 *(.rela.text.*)
 *(.rela.gnu.linkonce.t*)

.rel.fini
 *(.rel.fini)

.rela.fini
 *(.rela.fini)

.rel.rodata
 *(.rel.rodata)
 *(.rel.rodata.*)
 *(.rel.gnu.linkonce.r*)

.rela.rodata
 *(.rela.rodata)
 *(.rela.rodata.*)
 *(.rela.gnu.linkonce.r*)

.rel.data
 *(.rel.data)
 *(.rel.data.*)
 *(.rel.gnu.linkonce.d*)

.rela.data
 *(.rela.data)
 *(.rela.data.*)
 *(.rela.gnu.linkonce.d*)

.rel.ctors
 *(.rel.ctors)

.rela.ctors
 *(.rela.ctors)

.rel.dtors
 *(.rel.dtors)

.rela.dtors
 *(.rela.dtors)

.rel.got
 *(.rel.got)

.rela.got
 *(.rela.got)

.rel.bss
 *(.rel.bss)

.rela.bss
 *(.rela.bss)

.rel.plt
 *(.rel.plt)

.rela.plt
 *(.rela.plt)

.text           0x00000000     0x2fa4
 *(.vectors)
 .vectors       0x00000000       0x7c C:/programs/Atmel/Studio/7.0/Packs/atmel/ATmega_DFP/1.2.150/gcc/dev/atmega324pa/avr5/crtatmega324pa.o
                0x00000000                __vector_default
                0x00000000                __vectors
 *(.vectors)
 *(.progmem.gcc*)
 .progmem.gcc_sw_table.prvTimerTask
                0x0000007c       0x14 src/FreeRTOS/Source/timers.o
                0x00000090                . = ALIGN (0x2)
                0x00000090                __trampolines_start = .
 *(.trampolines)
 .trampolines   0x00000090        0x0 linker stubs
 *(.trampolines*)
                0x00000090                __trampolines_end = .
 *libprintf_flt.a:*(.progmem.data)
 *libc.a:*(.progmem.data)
 *(.progmem*)
                0x00000090                . = ALIGN (0x2)
 *(.jumptables)
 *(.jumptables*)
 *(.lowtext)
 *(.lowtext*)
                0x00000090                __ctors_start = .
 *(.ctors)
                0x00000090                __ctors_end = .
                0x00000090                __dtors_start = .
 *(.dtors)
                0x00000090                __dtors_end = .
 SORT(*)(.ctors)
 SORT(*)(.dtors)
 *(.init0)
 .init0         0x00000090        0x0 C:/programs/Atmel/Studio/7.0/Packs/atmel/ATmega_DFP/1.2.150/gcc/dev/atmega324pa/avr5/crtatmega324pa.o
                0x00000090                __init
 *(.init0)
 *(.init1)
 *(.init1)
 *(.init2)
 .init2         0x00000090        0xc C:/programs/Atmel/Studio/7.0/Packs/atmel/ATmega_DFP/1.2.150/gcc/dev/atmega324pa/avr5/crtatmega324pa.o
 *(.init2)
 *(.init3)
 *(.init3)
 *(.init4)
 .init4         0x0000009c       0x16 c:/programs/atmel/studio/7.0/toolchain/avr8/avr8-gnu-toolchain/bin/../lib/gcc/avr/5.4.0/avr5\libgcc.a(_copy_data.o)
                0x0000009c                __do_copy_data
 .init4         0x000000b2       0x10 c:/programs/atmel/studio/7.0/toolchain/avr8/avr8-gnu-toolchain/bin/../lib/gcc/avr/5.4.0/avr5\libgcc.a(_clear_bss.o)
                0x000000b2                __do_clear_bss
 *(.init4)
 *(.init5)
 *(.init5)
 *(.init6)
 *(.init6)
 *(.init7)
 *(.init7)
 *(.init8)
 *(.init8)
 *(.init9)
 .init9         0x000000c2        0x8 C:/programs/Atmel/Studio/7.0/Packs/atmel/ATmega_DFP/1.2.150/gcc/dev/atmega324pa/avr5/crtatmega324pa.o
 *(.init9)
 *(.text)
 .text          0x000000ca        0x4 C:/programs/Atmel/Studio/7.0/Packs/atmel/ATmega_DFP/1.2.150/gcc/dev/atmega324pa/avr5/crtatmega324pa.o
                0x000000ca                __vector_22
                0x000000ca                __vector_1
                0x000000ca                __vector_24
                0x000000ca                __vector_12
                0x000000ca                __bad_interrupt
                0x000000ca                __vector_6
                0x000000ca                __vector_3
                0x000000ca                __vector_23
                0x000000ca                __vector_30
                0x000000ca                __vector_25
                0x000000ca                __vector_11
                0x000000ca                __vector_17
                0x000000ca                __vector_19
                0x000000ca                __vector_7
                0x000000ca                __vector_27
                0x000000ca                __vector_5
                0x000000ca                __vector_4
                0x000000ca                __vector_9
                0x000000ca                __vector_2
                0x000000ca                __vector_15
                0x000000ca                __vector_8
                0x000000ca                __vector_26
                0x000000ca                __vector_14
                0x000000ca                __vector_10
                0x000000ca                __vector_18
                0x000000ce                . = ALIGN (0x2)
 *(.text.*)
 .text.draw_bullets_task
                0x000000ce      0x128 main.o
 .text.update_bullets_cords_task
                0x000001f6       0xb0 main.o
 .text.joystick_task
                0x000002a6      0x108 main.o
 .text.handle_display
                0x000003ae       0x3c main.o
                0x000003ae                handle_display
 .text.init_variables
                0x000003ea       0x52 main.o
                0x000003ea                init_variables
 .text.main     0x0000043c       0xc4 main.o
                0x0000043c                main
 .text.clear_frame
                0x00000500       0x14 main.o
                0x00000500                clear_frame
 .text.draw_ships_task
                0x00000514      0x18c main.o
 .text.display_points
                0x000006a0      0x1d8 main.o
                0x000006a0                display_points
 .text.check_collisions_task
                0x00000878      0x154 main.o
 .text.getX     0x000009cc        0x6 point.o
                0x000009cc                getX
 .text.getY     0x000009d2        0x6 point.o
                0x000009d2                getY
 .text.setX     0x000009d8        0x6 point.o
                0x000009d8                setX
 .text.setY     0x000009de        0x6 point.o
                0x000009de                setY
 .text.prepare_shiftregister
                0x000009e4        0x4 RTOS_utils.o
                0x000009e4                prepare_shiftregister
 .text.clock_shift_register_and_prepare_for_next_col
                0x000009e8        0xc RTOS_utils.o
                0x000009e8                clock_shift_register_and_prepare_for_next_col
 .text.load_col_value
                0x000009f4       0x16 RTOS_utils.o
                0x000009f4                load_col_value
 .text.vApplicationIdleHook
                0x00000a0a        0x2 RTOS_utils.o
                0x00000a0a                vApplicationIdleHook
 .text.joystick_func
                0x00000a0c        0x8 RTOS_utils.o
                0x00000a0c                joystick_func
 .text._com_call_back
                0x00000a14       0x3e src/board/board.o
 .text.init_com
                0x00000a52        0xa src/board/board.o
                0x00000a52                init_com
 .text.init_display_timer
                0x00000a5c       0x24 src/board/board.o
                0x00000a5c                init_display_timer
 .text.__vector_16
                0x00000a80       0x52 src/board/board.o
                0x00000a80                __vector_16
 .text.com_send_bytes
                0x00000ad2       0x12 src/board/board.o
                0x00000ad2                com_send_bytes
 .text.init_board
                0x00000ae4       0x94 src/board/board.o
                0x00000ae4                init_board
 .text.switch_in
                0x00000b78       0x16 src/board/board.o
                0x00000b78                switch_in
 .text.switch_out
                0x00000b8e        0x8 src/board/board.o
                0x00000b8e                switch_out
 .text.buffer_init
                0x00000b96        0xa src/buffer/buffer.o
                0x00000b96                buffer_init
 .text.buffer_get_item
                0x00000ba0       0x42 src/buffer/buffer.o
                0x00000ba0                buffer_get_item
 .text.buffer_put_item
                0x00000be2       0x3a src/buffer/buffer.o
                0x00000be2                buffer_put_item
 .text.vListInitialise
                0x00000c1c       0x1c src/FreeRTOS/Source/list.o
                0x00000c1c                vListInitialise
 .text.vListInitialiseItem
                0x00000c38        0x8 src/FreeRTOS/Source/list.o
                0x00000c38                vListInitialiseItem
 .text.vListInsertEnd
                0x00000c40       0x42 src/FreeRTOS/Source/list.o
                0x00000c40                vListInsertEnd
 .text.vListInsert
                0x00000c82       0x62 src/FreeRTOS/Source/list.o
                0x00000c82                vListInsert
 .text.uxListRemove
                0x00000ce4       0x4c src/FreeRTOS/Source/list.o
                0x00000ce4                uxListRemove
 .text.pxPortInitialiseStack
                0x00000d30       0xd8 src/FreeRTOS/Source/portable/GCC/ATMega324/port.o
                0x00000d30                pxPortInitialiseStack
 .text.xPortStartScheduler
                0x00000e08       0x74 src/FreeRTOS/Source/portable/GCC/ATMega324/port.o
                0x00000e08                xPortStartScheduler
 .text.vPortYield
                0x00000e7c       0xb2 src/FreeRTOS/Source/portable/GCC/ATMega324/port.o
                0x00000e7c                vPortYield
 .text.vPortYieldFromTick
                0x00000f2e       0xb8 src/FreeRTOS/Source/portable/GCC/ATMega324/port.o
                0x00000f2e                vPortYieldFromTick
 .text.__vector_13
                0x00000fe6        0x6 src/FreeRTOS/Source/portable/GCC/ATMega324/port.o
                0x00000fe6                __vector_13
 .text.pvPortMalloc
                0x00000fec       0x6a src/FreeRTOS/Source/portable/MemMang/heap_1.o
                0x00000fec                pvPortMalloc
 .text.vPortFree
                0x00001056        0x2 src/FreeRTOS/Source/portable/MemMang/heap_1.o
                0x00001056                vPortFree
 .text.serial_new_instance
                0x00001058       0xf4 src/serial/serial.o
                0x00001058                serial_new_instance
 .text.serial_send_bytes
                0x0000114c       0x86 src/serial/serial.o
                0x0000114c                serial_send_bytes
 .text.__vector_20
                0x000011d2       0x7c src/serial/serial.o
                0x000011d2                __vector_20
 .text.__vector_21
                0x0000124e       0x90 src/serial/serial.o
                0x0000124e                __vector_21
 .text.__vector_28
                0x000012de       0x7c src/serial/serial.o
                0x000012de                __vector_28
 .text.__vector_29
                0x0000135a       0x90 src/serial/serial.o
                0x0000135a                __vector_29
 .text.vTimerCallbackCollisions
                0x000013ea       0x18 utils.o
                0x000013ea                vTimerCallbackCollisions
 .text.vTimerCallbackControllersAndDraw
                0x00001402       0x86 utils.o
                0x00001402                vTimerCallbackControllersAndDraw
 .text.init_timers
                0x00001488       0x46 utils.o
                0x00001488                init_timers
 .text.init_semaphores
                0x000014ce       0x8e utils.o
                0x000014ce                init_semaphores
 .text.start_timers
                0x0000155c       0x3e utils.o
                0x0000155c                start_timers
 .text.wait     0x0000159a       0x18 utils.o
                0x0000159a                wait
 .text.bullet_ship_collision
                0x000015b2       0xa8 utils.o
                0x000015b2                bullet_ship_collision
 .text.power    0x0000165a       0x3e utils.o
                0x0000165a                power
 .text.prvCopyDataToQueue
                0x00001698       0xbe src/FreeRTOS/Source/queue.o
 .text.prvNotifyQueueSetContainer
                0x00001756       0x76 src/FreeRTOS/Source/queue.o
 .text.prvCopyDataFromQueue
                0x000017cc       0x34 src/FreeRTOS/Source/queue.o
 .text.prvUnlockQueue
                0x00001800       0xac src/FreeRTOS/Source/queue.o
 .text.xQueueGenericReset
                0x000018ac       0x7a src/FreeRTOS/Source/queue.o
                0x000018ac                xQueueGenericReset
 .text.xQueueGenericCreate
                0x00001926       0x66 src/FreeRTOS/Source/queue.o
                0x00001926                xQueueGenericCreate
 .text.xQueueGenericSend
                0x0000198c      0x15e src/FreeRTOS/Source/queue.o
                0x0000198c                xQueueGenericSend
 .text.xQueueCreateMutex
                0x00001aea       0x34 src/FreeRTOS/Source/queue.o
                0x00001aea                xQueueCreateMutex
 .text.xQueueGenericSendFromISR
                0x00001b1e       0x9a src/FreeRTOS/Source/queue.o
                0x00001b1e                xQueueGenericSendFromISR
 .text.xQueueGenericReceive
                0x00001bb8      0x198 src/FreeRTOS/Source/queue.o
                0x00001bb8                xQueueGenericReceive
 .text.vQueueWaitForMessageRestricted
                0x00001d50       0x3a src/FreeRTOS/Source/queue.o
                0x00001d50                vQueueWaitForMessageRestricted
 .text.prvResetNextTaskUnblockTime
                0x00001d8a       0x3e src/FreeRTOS/Source/tasks.o
 .text.prvAddCurrentTaskToDelayedList
                0x00001dc8       0xb0 src/FreeRTOS/Source/tasks.o
 .text.xTaskCreate
                0x00001e78      0x238 src/FreeRTOS/Source/tasks.o
                0x00001e78                xTaskCreate
 .text.vTaskStartScheduler
                0x000020b0       0x5c src/FreeRTOS/Source/tasks.o
                0x000020b0                vTaskStartScheduler
 .text.vTaskSuspendAll
                0x0000210c        0xc src/FreeRTOS/Source/tasks.o
                0x0000210c                vTaskSuspendAll
 .text.xTaskGetTickCount
                0x00002118       0x14 src/FreeRTOS/Source/tasks.o
                0x00002118                xTaskGetTickCount
 .text.xTaskIncrementTick
                0x0000212c      0x176 src/FreeRTOS/Source/tasks.o
                0x0000212c                xTaskIncrementTick
 .text.xTaskResumeAll
                0x000022a2       0xfe src/FreeRTOS/Source/tasks.o
                0x000022a2                xTaskResumeAll
 .text.vTaskDelay
                0x000023a0       0x28 src/FreeRTOS/Source/tasks.o
                0x000023a0                vTaskDelay
 .text.prvIdleTask
                0x000023c8       0x7e src/FreeRTOS/Source/tasks.o
 .text.vTaskSetApplicationTaskTag
                0x00002446       0x1e src/FreeRTOS/Source/tasks.o
                0x00002446                vTaskSetApplicationTaskTag
 .text.vTaskSwitchContext
                0x00002464       0xe8 src/FreeRTOS/Source/tasks.o
                0x00002464                vTaskSwitchContext
 .text.vTaskPlaceOnEventList
                0x0000254c       0x24 src/FreeRTOS/Source/tasks.o
                0x0000254c                vTaskPlaceOnEventList
 .text.vTaskPlaceOnEventListRestricted
                0x00002570       0x32 src/FreeRTOS/Source/tasks.o
                0x00002570                vTaskPlaceOnEventListRestricted
 .text.xTaskRemoveFromEventList
                0x000025a2       0x90 src/FreeRTOS/Source/tasks.o
                0x000025a2                xTaskRemoveFromEventList
 .text.vTaskSetTimeOutState
                0x00002632       0x16 src/FreeRTOS/Source/tasks.o
                0x00002632                vTaskSetTimeOutState
 .text.xTaskCheckForTimeOut
                0x00002648       0x72 src/FreeRTOS/Source/tasks.o
                0x00002648                xTaskCheckForTimeOut
 .text.vTaskMissedYield
                0x000026ba        0x8 src/FreeRTOS/Source/tasks.o
                0x000026ba                vTaskMissedYield
 .text.xTaskGetSchedulerState
                0x000026c2       0x1c src/FreeRTOS/Source/tasks.o
                0x000026c2                xTaskGetSchedulerState
 .text.vTaskPriorityInherit
                0x000026de       0xc4 src/FreeRTOS/Source/tasks.o
                0x000026de                vTaskPriorityInherit
 .text.xTaskPriorityDisinherit
                0x000027a2       0x80 src/FreeRTOS/Source/tasks.o
                0x000027a2                xTaskPriorityDisinherit
 .text.pvTaskIncrementMutexHeldCount
                0x00002822       0x24 src/FreeRTOS/Source/tasks.o
                0x00002822                pvTaskIncrementMutexHeldCount
 .text.prvInsertTimerInActiveList
                0x00002846       0x5e src/FreeRTOS/Source/timers.o
 .text.prvCheckForValidListAndQueue
                0x000028a4       0x52 src/FreeRTOS/Source/timers.o
 .text.xTimerCreateTimerTask
                0x000028f6       0x44 src/FreeRTOS/Source/timers.o
                0x000028f6                xTimerCreateTimerTask
 .text.xTimerCreate
                0x0000293a       0x64 src/FreeRTOS/Source/timers.o
                0x0000293a                xTimerCreate
 .text.xTimerGenericCommand
                0x0000299e       0x90 src/FreeRTOS/Source/timers.o
                0x0000299e                xTimerGenericCommand
 .text.prvSampleTimeNow
                0x00002a2e       0xe0 src/FreeRTOS/Source/timers.o
 .text.prvTimerTask
                0x00002b0e      0x1e0 src/FreeRTOS/Source/timers.o
 .text.libgcc.div
                0x00002cee       0x44 c:/programs/atmel/studio/7.0/toolchain/avr8/avr8-gnu-toolchain/bin/../lib/gcc/avr/5.4.0/avr5\libgcc.a(_udivmodsi4.o)
                0x00002cee                __udivmodsi4
 .text.libgcc   0x00002d32        0xc c:/programs/atmel/studio/7.0/toolchain/avr8/avr8-gnu-toolchain/bin/../lib/gcc/avr/5.4.0/avr5\libgcc.a(_tablejump2.o)
                0x00002d32                __tablejump2__
 .text.avr-libc
                0x00002d3e      0x242 c:/programs/atmel/studio/7.0/toolchain/avr8/avr8-gnu-toolchain/bin/../lib/gcc/avr/5.4.0/../../../../avr/lib/avr5\libc.a(malloc.o)
                0x00002d3e                malloc
                0x00002e6e                free
 .text.avr-libc
                0x00002f80       0x12 c:/programs/atmel/studio/7.0/toolchain/avr8/avr8-gnu-toolchain/bin/../lib/gcc/avr/5.4.0/../../../../avr/lib/avr5\libc.a(memcpy.o)
                0x00002f80                memcpy
 .text.avr-libc
                0x00002f92        0xe c:/programs/atmel/studio/7.0/toolchain/avr8/avr8-gnu-toolchain/bin/../lib/gcc/avr/5.4.0/../../../../avr/lib/avr5\libc.a(memset.o)
                0x00002f92                memset
                0x00002fa0                . = ALIGN (0x2)
 *(.fini9)
 .fini9         0x00002fa0        0x0 c:/programs/atmel/studio/7.0/toolchain/avr8/avr8-gnu-toolchain/bin/../lib/gcc/avr/5.4.0/avr5\libgcc.a(_exit.o)
                0x00002fa0                _exit
                0x00002fa0                exit
 *(.fini9)
 *(.fini8)
 *(.fini8)
 *(.fini7)
 *(.fini7)
 *(.fini6)
 *(.fini6)
 *(.fini5)
 *(.fini5)
 *(.fini4)
 *(.fini4)
 *(.fini3)
 *(.fini3)
 *(.fini2)
 *(.fini2)
 *(.fini1)
 *(.fini1)
 *(.fini0)
 .fini0         0x00002fa0        0x4 c:/programs/atmel/studio/7.0/toolchain/avr8/avr8-gnu-toolchain/bin/../lib/gcc/avr/5.4.0/avr5\libgcc.a(_exit.o)
 *(.fini0)
                0x00002fa4                _etext = .

.data           0x00800100       0x9e load address 0x00002fa4
                0x00800100                PROVIDE (__data_start, .)
 *(.data)
 .data          0x00800100        0x6 c:/programs/atmel/studio/7.0/toolchain/avr8/avr8-gnu-toolchain/bin/../lib/gcc/avr/5.4.0/../../../../avr/lib/avr5\libc.a(malloc.o)
                0x00800100                __malloc_heap_end
                0x00800102                __malloc_heap_start
                0x00800104                __malloc_margin
 *(.data*)
 .data._com_port_2_udr
                0x00800106        0x4 src/serial/serial.o
                0x00800106                _com_port_2_udr
 *(.gnu.linkonce.d*)
 *(.rodata)
 *(.rodata*)
 .rodata.str1.1
                0x0080010a       0x5a main.o
 .rodata.str1.1
                0x00800164       0x2c utils.o
 .rodata.str1.1
                0x00800190        0x5 src/FreeRTOS/Source/tasks.o
 .rodata.str1.1
                0x00800195        0x8 src/FreeRTOS/Source/timers.o
 *(.gnu.linkonce.r*)
                0x0080019e                . = ALIGN (0x2)
 *fill*         0x0080019d        0x1 
                0x0080019e                _edata = .
                0x0080019e                PROVIDE (__data_end, .)

.bss            0x0080019e      0x6c6
                0x0080019e                PROVIDE (__bss_start, .)
 *(.bss)
 *(.bss*)
 .bss.col.2252  0x0080019e        0x1 main.o
 .bss.bullet1   0x0080019f        0x2 main.o
 .bss.bullet2   0x008001a1        0x2 main.o
 .bss.ship2     0x008001a3        0x2 main.o
 .bss.ship1     0x008001a5        0x2 main.o
 .bss.frame_buf
                0x008001a7       0x1c main.o
 .bss._com_tx_buffer.2130
                0x008001c3       0x23 src/board/board.o
 .bss._com_rx_buffer.2129
                0x008001e6       0x23 src/board/board.o
 .bss.cb_ptr    0x00800209        0x2 src/board/board.o
 .bss._x_rx_com_queue
                0x0080020b        0x2 src/board/board.o
 .bss._com_serial_instance
                0x0080020d        0x2 src/board/board.o
 .bss.pucAlignedHeap.2085
                0x0080020f        0x2 src/FreeRTOS/Source/portable/MemMang/heap_1.o
 .bss.xNextFreeByte
                0x00800211        0x2 src/FreeRTOS/Source/portable/MemMang/heap_1.o
 .bss.ucHeap    0x00800213      0x578 src/FreeRTOS/Source/portable/MemMang/heap_1.o
 .bss._ser_handle
                0x0080078b        0x4 src/serial/serial.o
 .bss.uxSchedulerSuspended
                0x0080078f        0x1 src/FreeRTOS/Source/tasks.o
 .bss.xIdleTaskHandle
                0x00800790        0x2 src/FreeRTOS/Source/tasks.o
 .bss.xNextTaskUnblockTime
                0x00800792        0x2 src/FreeRTOS/Source/tasks.o
 .bss.uxTaskNumber
                0x00800794        0x1 src/FreeRTOS/Source/tasks.o
 .bss.xNumOfOverflows
                0x00800795        0x1 src/FreeRTOS/Source/tasks.o
 .bss.xYieldPending
                0x00800796        0x1 src/FreeRTOS/Source/tasks.o
 .bss.uxPendedTicks
                0x00800797        0x1 src/FreeRTOS/Source/tasks.o
 .bss.xSchedulerRunning
                0x00800798        0x1 src/FreeRTOS/Source/tasks.o
 .bss.uxTopReadyPriority
                0x00800799        0x1 src/FreeRTOS/Source/tasks.o
 .bss.xTickCount
                0x0080079a        0x2 src/FreeRTOS/Source/tasks.o
 .bss.uxCurrentNumberOfTasks
                0x0080079c        0x1 src/FreeRTOS/Source/tasks.o
 .bss.xSuspendedTaskList
                0x0080079d        0x9 src/FreeRTOS/Source/tasks.o
 .bss.uxDeletedTasksWaitingCleanUp
                0x008007a6        0x1 src/FreeRTOS/Source/tasks.o
 .bss.xTasksWaitingTermination
                0x008007a7        0x9 src/FreeRTOS/Source/tasks.o
 .bss.xPendingReadyList
                0x008007b0        0x9 src/FreeRTOS/Source/tasks.o
 .bss.pxOverflowDelayedTaskList
                0x008007b9        0x2 src/FreeRTOS/Source/tasks.o
 .bss.pxDelayedTaskList
                0x008007bb        0x2 src/FreeRTOS/Source/tasks.o
 .bss.xDelayedTaskList2
                0x008007bd        0x9 src/FreeRTOS/Source/tasks.o
 .bss.xDelayedTaskList1
                0x008007c6        0x9 src/FreeRTOS/Source/tasks.o
 .bss.pxReadyTasksLists
                0x008007cf       0x5a src/FreeRTOS/Source/tasks.o
 .bss.pxCurrentTCB
                0x00800829        0x2 src/FreeRTOS/Source/tasks.o
                0x00800829                pxCurrentTCB
 .bss.xLastTime.2362
                0x0080082b        0x2 src/FreeRTOS/Source/timers.o
 .bss.xTimerTaskHandle
                0x0080082d        0x2 src/FreeRTOS/Source/timers.o
 .bss.xTimerQueue
                0x0080082f        0x2 src/FreeRTOS/Source/timers.o
 .bss.pxOverflowTimerList
                0x00800831        0x2 src/FreeRTOS/Source/timers.o
 .bss.pxCurrentTimerList
                0x00800833        0x2 src/FreeRTOS/Source/timers.o
 .bss.xActiveTimerList2
                0x00800835        0x9 src/FreeRTOS/Source/timers.o
 .bss.xActiveTimerList1
                0x0080083e        0x9 src/FreeRTOS/Source/timers.o
 *(COMMON)
 COMMON         0x00800847       0x19 main.o
                0x00800847                xTimerSemaphoreJoystick
                0x00800849                xTimerSemaphoreDrawBullets
                0x0080084b                xTimerSemaphoreDrawShips
                0x0080084d                xTimerSemaphoreMoveShip
                0x0080084f                pc_ship_queue
                0x00800851                results
                0x00800853                xTimerControllersAndDraw
                0x00800855                xTimerSemaphoreCollisions
                0x00800857                seq_num
                0x00800858                xTimerCollisions
                0x0080085a                xTimerSemaphorePCConn
                0x0080085c                xFramebufMutex
                0x0080085e                xTimerSemaphoreBullets
 COMMON         0x00800860        0x4 c:/programs/atmel/studio/7.0/toolchain/avr8/avr8-gnu-toolchain/bin/../lib/gcc/avr/5.4.0/../../../../avr/lib/avr5\libc.a(malloc.o)
                0x00800860                __brkval
                0x00800862                __flp
                0x00800864                PROVIDE (__bss_end, .)
                0x00002fa4                __data_load_start = LOADADDR (.data)
                0x00003042                __data_load_end = (__data_load_start + SIZEOF (.data))

.noinit         0x00800864        0x0
                [!provide]                PROVIDE (__noinit_start, .)
 *(.noinit*)
                [!provide]                PROVIDE (__noinit_end, .)
                0x00800864                _end = .
                0x00800864                PROVIDE (__heap_start, .)

.eeprom         0x00810000        0x0
 *(.eeprom*)
                0x00810000                __eeprom_end = .

.fuse
 *(.fuse)
 *(.lfuse)
 *(.hfuse)
 *(.efuse)

.lock
 *(.lock*)

.signature
 *(.signature*)

.user_signatures
 *(.user_signatures*)

.stab
 *(.stab)

.stabstr
 *(.stabstr)

.stab.excl
 *(.stab.excl)

.stab.exclstr
 *(.stab.exclstr)

.stab.index
 *(.stab.index)

.stab.indexstr
 *(.stab.indexstr)

.comment        0x00000000       0x30
 *(.comment)
 .comment       0x00000000       0x30 main.o
                                 0x31 (size before relaxing)
 .comment       0x00000030       0x31 point.o
 .comment       0x00000030       0x31 RTOS_utils.o
 .comment       0x00000030       0x31 src/board/board.o
 .comment       0x00000030       0x31 src/buffer/buffer.o
 .comment       0x00000030       0x31 src/FreeRTOS/Source/list.o
 .comment       0x00000030       0x31 src/FreeRTOS/Source/portable/GCC/ATMega324/port.o
 .comment       0x00000030       0x31 src/FreeRTOS/Source/portable/MemMang/heap_1.o
 .comment       0x00000030       0x31 src/serial/serial.o
 .comment       0x00000030       0x31 utils.o
 .comment       0x00000030       0x31 src/FreeRTOS/Source/queue.o
 .comment       0x00000030       0x31 src/FreeRTOS/Source/tasks.o
 .comment       0x00000030       0x31 src/FreeRTOS/Source/timers.o
 .comment       0x00000030       0x31 c:/programs/atmel/studio/7.0/toolchain/avr8/avr8-gnu-toolchain/bin/../lib/gcc/avr/5.4.0/../../../../avr/lib/avr5\libc.a(malloc.o)

.note.gnu.avr.deviceinfo
                0x00000000       0x40
 .note.gnu.avr.deviceinfo
                0x00000000       0x40 C:/programs/Atmel/Studio/7.0/Packs/atmel/ATmega_DFP/1.2.150/gcc/dev/atmega324pa/avr5/crtatmega324pa.o

.note.gnu.build-id
 *(.note.gnu.build-id)

.debug
 *(.debug)

.line
 *(.line)

.debug_srcinfo
 *(.debug_srcinfo)

.debug_sfnames
 *(.debug_sfnames)

.debug_aranges  0x00000000      0x660
 *(.debug_aranges)
 .debug_aranges
                0x00000000       0x68 main.o
 .debug_aranges
                0x00000068       0x40 point.o
 .debug_aranges
                0x000000a8       0x50 RTOS_utils.o
 .debug_aranges
                0x000000f8       0x58 src/board/board.o
 .debug_aranges
                0x00000150       0x48 src/buffer/buffer.o
 .debug_aranges
                0x00000198       0x40 src/FreeRTOS/Source/list.o
 .debug_aranges
                0x000001d8       0x48 src/FreeRTOS/Source/portable/GCC/ATMega324/port.o
 .debug_aranges
                0x00000220       0x38 src/FreeRTOS/Source/portable/MemMang/heap_1.o
 .debug_aranges
                0x00000258       0x50 src/serial/serial.o
 .debug_aranges
                0x000002a8       0x78 utils.o
 .debug_aranges
                0x00000320      0x118 src/FreeRTOS/Source/queue.o
 .debug_aranges
                0x00000438      0x1a0 src/FreeRTOS/Source/tasks.o
 .debug_aranges
                0x000005d8       0x88 src/FreeRTOS/Source/timers.o

.debug_pubnames
 *(.debug_pubnames)

.debug_info     0x00000000     0x892b
 *(.debug_info .gnu.linkonce.wi.*)
 .debug_info    0x00000000      0x6cc C:/programs/Atmel/Studio/7.0/Packs/atmel/ATmega_DFP/1.2.150/gcc/dev/atmega324pa/avr5/crtatmega324pa.o
 .debug_info    0x000006cc     0x14c7 main.o
 .debug_info    0x00001b93      0x1a3 point.o
 .debug_info    0x00001d36      0x218 RTOS_utils.o
 .debug_info    0x00001f4e      0x488 src/board/board.o
 .debug_info    0x000023d6      0x20d src/buffer/buffer.o
 .debug_info    0x000025e3      0x2cd src/FreeRTOS/Source/list.o
 .debug_info    0x000028b0      0x263 src/FreeRTOS/Source/portable/GCC/ATMega324/port.o
 .debug_info    0x00002b13      0x1a4 src/FreeRTOS/Source/portable/MemMang/heap_1.o
 .debug_info    0x00002cb7      0x568 src/serial/serial.o
 .debug_info    0x0000321f      0x9d7 utils.o
 .debug_info    0x00003bf6     0x1981 src/FreeRTOS/Source/queue.o
 .debug_info    0x00005577     0x241d src/FreeRTOS/Source/tasks.o
 .debug_info    0x00007994      0xf97 src/FreeRTOS/Source/timers.o

.debug_abbrev   0x00000000     0x1d16
 *(.debug_abbrev)
 .debug_abbrev  0x00000000      0x66e C:/programs/Atmel/Studio/7.0/Packs/atmel/ATmega_DFP/1.2.150/gcc/dev/atmega324pa/avr5/crtatmega324pa.o
 .debug_abbrev  0x0000066e      0x231 main.o
 .debug_abbrev  0x0000089f       0xdb point.o
 .debug_abbrev  0x0000097a      0x128 RTOS_utils.o
 .debug_abbrev  0x00000aa2      0x19d src/board/board.o
 .debug_abbrev  0x00000c3f       0xde src/buffer/buffer.o
 .debug_abbrev  0x00000d1d       0xf8 src/FreeRTOS/Source/list.o
 .debug_abbrev  0x00000e15      0x155 src/FreeRTOS/Source/portable/GCC/ATMega324/port.o
 .debug_abbrev  0x00000f6a      0x11c src/FreeRTOS/Source/portable/MemMang/heap_1.o
 .debug_abbrev  0x00001086      0x1ee src/serial/serial.o
 .debug_abbrev  0x00001274      0x1d5 utils.o
 .debug_abbrev  0x00001449      0x28a src/FreeRTOS/Source/queue.o
 .debug_abbrev  0x000016d3      0x36f src/FreeRTOS/Source/tasks.o
 .debug_abbrev  0x00001a42      0x2d4 src/FreeRTOS/Source/timers.o

.debug_line     0x00000000     0x41d8
 *(.debug_line .debug_line.* .debug_line_end)
 .debug_line    0x00000000      0x151 C:/programs/Atmel/Studio/7.0/Packs/atmel/ATmega_DFP/1.2.150/gcc/dev/atmega324pa/avr5/crtatmega324pa.o
 .debug_line    0x00000151      0x690 main.o
 .debug_line    0x000007e1       0xfe point.o
 .debug_line    0x000008df      0x1dd RTOS_utils.o
 .debug_line    0x00000abc      0x279 src/board/board.o
 .debug_line    0x00000d35      0x186 src/buffer/buffer.o
 .debug_line    0x00000ebb      0x21f src/FreeRTOS/Source/list.o
 .debug_line    0x000010da      0x2c5 src/FreeRTOS/Source/portable/GCC/ATMega324/port.o
 .debug_line    0x0000139f      0x1cb src/FreeRTOS/Source/portable/MemMang/heap_1.o
 .debug_line    0x0000156a      0x29a src/serial/serial.o
 .debug_line    0x00001804      0x43c utils.o
 .debug_line    0x00001c40      0xcd9 src/FreeRTOS/Source/queue.o
 .debug_line    0x00002919     0x13a7 src/FreeRTOS/Source/tasks.o
 .debug_line    0x00003cc0      0x518 src/FreeRTOS/Source/timers.o

.debug_frame    0x00000000     0x1368
 *(.debug_frame)
 .debug_frame   0x00000000       0xb4 main.o
 .debug_frame   0x000000b4       0x64 point.o
 .debug_frame   0x00000118       0x94 RTOS_utils.o
 .debug_frame   0x000001ac      0x114 src/board/board.o
 .debug_frame   0x000002c0       0x74 src/buffer/buffer.o
 .debug_frame   0x00000334       0x88 src/FreeRTOS/Source/list.o
 .debug_frame   0x000003bc       0x74 src/FreeRTOS/Source/portable/GCC/ATMega324/port.o
 .debug_frame   0x00000430       0x60 src/FreeRTOS/Source/portable/MemMang/heap_1.o
 .debug_frame   0x00000490      0x248 src/serial/serial.o
 .debug_frame   0x000006d8      0x10c utils.o
 .debug_frame   0x000007e4      0x3e8 src/FreeRTOS/Source/queue.o
 .debug_frame   0x00000bcc      0x600 src/FreeRTOS/Source/tasks.o
 .debug_frame   0x000011cc      0x19c src/FreeRTOS/Source/timers.o

.debug_str      0x00000000     0x2474
 *(.debug_str)
 .debug_str     0x00000000      0x255 C:/programs/Atmel/Studio/7.0/Packs/atmel/ATmega_DFP/1.2.150/gcc/dev/atmega324pa/avr5/crtatmega324pa.o
 .debug_str     0x00000255      0x54f main.o
                                0x593 (size before relaxing)
 .debug_str     0x000007a4       0x27 point.o
                                0x196 (size before relaxing)
 .debug_str     0x000007cb       0x53 RTOS_utils.o
                                0x28e (size before relaxing)
 .debug_str     0x0000081e      0x23a src/board/board.o
                                0x40b (size before relaxing)
 .debug_str     0x00000a58       0x67 src/buffer/buffer.o
                                0x21b (size before relaxing)
 .debug_str     0x00000abf      0x13b src/FreeRTOS/Source/list.o
                                0x2bc (size before relaxing)
 .debug_str     0x00000bfa      0x133 src/FreeRTOS/Source/portable/GCC/ATMega324/port.o
                                0x2cd (size before relaxing)
 .debug_str     0x00000d2d       0xc2 src/FreeRTOS/Source/portable/MemMang/heap_1.o
                                0x23e (size before relaxing)
 .debug_str     0x00000def      0x126 src/serial/serial.o
                                0x40e (size before relaxing)
 .debug_str     0x00000f15      0x101 utils.o
                                0x46e (size before relaxing)
 .debug_str     0x00001016      0x663 src/FreeRTOS/Source/queue.o
                                0x999 (size before relaxing)
 .debug_str     0x00001679      0xa1b src/FreeRTOS/Source/tasks.o
                                0xfab (size before relaxing)
 .debug_str     0x00002094      0x3e0 src/FreeRTOS/Source/timers.o
                                0x80a (size before relaxing)

.debug_loc      0x00000000     0x73b2
 *(.debug_loc)
 .debug_loc     0x00000000      0x196 main.o
 .debug_loc     0x00000196       0x50 point.o
 .debug_loc     0x000001e6       0xb0 RTOS_utils.o
 .debug_loc     0x00000296      0x2bb src/board/board.o
 .debug_loc     0x00000551       0xc0 src/buffer/buffer.o
 .debug_loc     0x00000611      0x145 src/FreeRTOS/Source/list.o
 .debug_loc     0x00000756      0x2a0 src/FreeRTOS/Source/portable/GCC/ATMega324/port.o
 .debug_loc     0x000009f6       0xf1 src/FreeRTOS/Source/portable/MemMang/heap_1.o
 .debug_loc     0x00000ae7      0x916 src/serial/serial.o
 .debug_loc     0x000013fd      0x742 utils.o
 .debug_loc     0x00001b3f     0x22c3 src/FreeRTOS/Source/queue.o
 .debug_loc     0x00003e02     0x2956 src/FreeRTOS/Source/tasks.o
 .debug_loc     0x00006758      0xc5a src/FreeRTOS/Source/timers.o

.debug_macinfo
 *(.debug_macinfo)

.debug_weaknames
 *(.debug_weaknames)

.debug_funcnames
 *(.debug_funcnames)

.debug_typenames
 *(.debug_typenames)

.debug_varnames
 *(.debug_varnames)

.debug_pubtypes
 *(.debug_pubtypes)

.debug_ranges   0x00000000      0x750
 *(.debug_ranges)
 .debug_ranges  0x00000000       0x58 main.o
 .debug_ranges  0x00000058       0x30 point.o
 .debug_ranges  0x00000088       0x40 RTOS_utils.o
 .debug_ranges  0x000000c8       0x48 src/board/board.o
 .debug_ranges  0x00000110       0x38 src/buffer/buffer.o
 .debug_ranges  0x00000148       0x30 src/FreeRTOS/Source/list.o
 .debug_ranges  0x00000178       0x38 src/FreeRTOS/Source/portable/GCC/ATMega324/port.o
 .debug_ranges  0x000001b0       0x28 src/FreeRTOS/Source/portable/MemMang/heap_1.o
 .debug_ranges  0x000001d8       0x58 src/serial/serial.o
 .debug_ranges  0x00000230       0xd8 utils.o
 .debug_ranges  0x00000308      0x168 src/FreeRTOS/Source/queue.o
 .debug_ranges  0x00000470      0x208 src/FreeRTOS/Source/tasks.o
 .debug_ranges  0x00000678       0xd8 src/FreeRTOS/Source/timers.o

.debug_macro
 *(.debug_macro)
OUTPUT(Spaceships.elf elf32-avr)
LOAD linker stubs
